Archive member included to satisfy reference by file (symbol)

D:/STM32/STM32CubeIDE_1.18.1/STM32CubeIDE/plugins/com.st.stm32cube.ide.mcu.externaltools.gnu-tools-for-stm32.13.3.rel1.win32_1.0.0.202411081344/tools/bin/../lib/gcc/arm-none-eabi/13.3.1/../../../../arm-none-eabi/lib/thumb/v7e-m/nofp\libc_nano.a(libc_a-exit.o)
                              D:/STM32/STM32CubeIDE_1.18.1/STM32CubeIDE/plugins/com.st.stm32cube.ide.mcu.externaltools.gnu-tools-for-stm32.13.3.rel1.win32_1.0.0.202411081344/tools/bin/../lib/gcc/arm-none-eabi/13.3.1/../../../../arm-none-eabi/lib/thumb/v7e-m/nofp/crt0.o (exit)
D:/STM32/STM32CubeIDE_1.18.1/STM32CubeIDE/plugins/com.st.stm32cube.ide.mcu.externaltools.gnu-tools-for-stm32.13.3.rel1.win32_1.0.0.202411081344/tools/bin/../lib/gcc/arm-none-eabi/13.3.1/../../../../arm-none-eabi/lib/thumb/v7e-m/nofp\libc_nano.a(libc_a-findfp.o)
                              D:/STM32/STM32CubeIDE_1.18.1/STM32CubeIDE/plugins/com.st.stm32cube.ide.mcu.externaltools.gnu-tools-for-stm32.13.3.rel1.win32_1.0.0.202411081344/tools/bin/../lib/gcc/arm-none-eabi/13.3.1/../../../../arm-none-eabi/lib/thumb/v7e-m/nofp\libc_nano.a(libc_a-exit.o) (__stdio_exit_handler)
D:/STM32/STM32CubeIDE_1.18.1/STM32CubeIDE/plugins/com.st.stm32cube.ide.mcu.externaltools.gnu-tools-for-stm32.13.3.rel1.win32_1.0.0.202411081344/tools/bin/../lib/gcc/arm-none-eabi/13.3.1/../../../../arm-none-eabi/lib/thumb/v7e-m/nofp\libc_nano.a(libc_a-fwalk.o)
                              D:/STM32/STM32CubeIDE_1.18.1/STM32CubeIDE/plugins/com.st.stm32cube.ide.mcu.externaltools.gnu-tools-for-stm32.13.3.rel1.win32_1.0.0.202411081344/tools/bin/../lib/gcc/arm-none-eabi/13.3.1/../../../../arm-none-eabi/lib/thumb/v7e-m/nofp\libc_nano.a(libc_a-findfp.o) (_fwalk_sglue)
D:/STM32/STM32CubeIDE_1.18.1/STM32CubeIDE/plugins/com.st.stm32cube.ide.mcu.externaltools.gnu-tools-for-stm32.13.3.rel1.win32_1.0.0.202411081344/tools/bin/../lib/gcc/arm-none-eabi/13.3.1/../../../../arm-none-eabi/lib/thumb/v7e-m/nofp\libc_nano.a(libc_a-stdio.o)
                              D:/STM32/STM32CubeIDE_1.18.1/STM32CubeIDE/plugins/com.st.stm32cube.ide.mcu.externaltools.gnu-tools-for-stm32.13.3.rel1.win32_1.0.0.202411081344/tools/bin/../lib/gcc/arm-none-eabi/13.3.1/../../../../arm-none-eabi/lib/thumb/v7e-m/nofp\libc_nano.a(libc_a-findfp.o) (__sread)
D:/STM32/STM32CubeIDE_1.18.1/STM32CubeIDE/plugins/com.st.stm32cube.ide.mcu.externaltools.gnu-tools-for-stm32.13.3.rel1.win32_1.0.0.202411081344/tools/bin/../lib/gcc/arm-none-eabi/13.3.1/../../../../arm-none-eabi/lib/thumb/v7e-m/nofp\libc_nano.a(libc_a-memset.o)
                              D:/STM32/STM32CubeIDE_1.18.1/STM32CubeIDE/plugins/com.st.stm32cube.ide.mcu.externaltools.gnu-tools-for-stm32.13.3.rel1.win32_1.0.0.202411081344/tools/bin/../lib/gcc/arm-none-eabi/13.3.1/../../../../arm-none-eabi/lib/thumb/v7e-m/nofp/crt0.o (memset)
D:/STM32/STM32CubeIDE_1.18.1/STM32CubeIDE/plugins/com.st.stm32cube.ide.mcu.externaltools.gnu-tools-for-stm32.13.3.rel1.win32_1.0.0.202411081344/tools/bin/../lib/gcc/arm-none-eabi/13.3.1/../../../../arm-none-eabi/lib/thumb/v7e-m/nofp\libc_nano.a(libc_a-closer.o)
                              D:/STM32/STM32CubeIDE_1.18.1/STM32CubeIDE/plugins/com.st.stm32cube.ide.mcu.externaltools.gnu-tools-for-stm32.13.3.rel1.win32_1.0.0.202411081344/tools/bin/../lib/gcc/arm-none-eabi/13.3.1/../../../../arm-none-eabi/lib/thumb/v7e-m/nofp\libc_nano.a(libc_a-stdio.o) (_close_r)
D:/STM32/STM32CubeIDE_1.18.1/STM32CubeIDE/plugins/com.st.stm32cube.ide.mcu.externaltools.gnu-tools-for-stm32.13.3.rel1.win32_1.0.0.202411081344/tools/bin/../lib/gcc/arm-none-eabi/13.3.1/../../../../arm-none-eabi/lib/thumb/v7e-m/nofp\libc_nano.a(libc_a-reent.o)
                              D:/STM32/STM32CubeIDE_1.18.1/STM32CubeIDE/plugins/com.st.stm32cube.ide.mcu.externaltools.gnu-tools-for-stm32.13.3.rel1.win32_1.0.0.202411081344/tools/bin/../lib/gcc/arm-none-eabi/13.3.1/../../../../arm-none-eabi/lib/thumb/v7e-m/nofp\libc_nano.a(libc_a-closer.o) (errno)
D:/STM32/STM32CubeIDE_1.18.1/STM32CubeIDE/plugins/com.st.stm32cube.ide.mcu.externaltools.gnu-tools-for-stm32.13.3.rel1.win32_1.0.0.202411081344/tools/bin/../lib/gcc/arm-none-eabi/13.3.1/../../../../arm-none-eabi/lib/thumb/v7e-m/nofp\libc_nano.a(libc_a-impure.o)
                              D:/STM32/STM32CubeIDE_1.18.1/STM32CubeIDE/plugins/com.st.stm32cube.ide.mcu.externaltools.gnu-tools-for-stm32.13.3.rel1.win32_1.0.0.202411081344/tools/bin/../lib/gcc/arm-none-eabi/13.3.1/../../../../arm-none-eabi/lib/thumb/v7e-m/nofp\libc_nano.a(libc_a-reent.o) (_impure_ptr)
D:/STM32/STM32CubeIDE_1.18.1/STM32CubeIDE/plugins/com.st.stm32cube.ide.mcu.externaltools.gnu-tools-for-stm32.13.3.rel1.win32_1.0.0.202411081344/tools/bin/../lib/gcc/arm-none-eabi/13.3.1/../../../../arm-none-eabi/lib/thumb/v7e-m/nofp\libc_nano.a(libc_a-lseekr.o)
[...]
Memory Configuration

Name             Origin             Length             Attributes
CCMRAM           0x10000000         0x00002000         xrw
RAM              0x20000000         0x0000a000         xrw
FLASH            0x08000000         0x00040000         xr
*default*        0x00000000         0xffffffff

Linker script and memory map

LOAD D:/STM32/STM32CubeIDE_1.18.1/STM32CubeIDE/plugins/com.st.stm32cube.ide.mcu.externaltools.gnu-tools-for-stm32.13.3.rel1.win32_1.0.0.202411081344/tools/bin/../lib/gcc/arm-none-eabi/13.3.1/thumb/v7e-m/nofp/crti.o
LOAD D:/STM32/STM32CubeIDE_1.18.1/STM32CubeIDE/plugins/com.st.stm32cube.ide.mcu.externaltools.gnu-tools-for-stm32.13.3.rel1.win32_1.0.0.202411081344/tools/bin/../lib/gcc/arm-none-eabi/13.3.1/thumb/v7e-m/nofp/crtbegin.o
LOAD D:/STM32/STM32CubeIDE_1.18.1/STM32CubeIDE/plugins/com.st.stm32cube.ide.mcu.externaltools.gnu-tools-for-stm32.13.3.rel1.win32_1.0.0.202411081344/tools/bin/../lib/gcc/arm-none-eabi/13.3.1/../../../../arm-none-eabi/lib/thumb/v7e-m/nofp/crt0.o
LOAD ./Src/spi_tx_testing.o
LOAD ./Src/syscalls.o
LOAD ./Src/sysmem.o
LOAD ./Startup/startup_stm32f303vctx.o
LOAD ./drivers/Src/stm32f3xx_gpio_driver.o
LOAD ./drivers/Src/stm32f3xx_spi_driver.o
START GROUP
LOAD D:/STM32/STM32CubeIDE_1.18.1/STM32CubeIDE/plugins/com.st.stm32cube.ide.mcu.externaltools.gnu-tools-for-stm32.13.3.rel1.win32_1.0.0.202411081344/tools/bin/../lib/gcc/arm-none-eabi/13.3.1/../../../../arm-none-eabi/lib/thumb/v7e-m/nofp\libc_nano.a
LOAD D:/STM32/STM32CubeIDE_1.18.1/STM32CubeIDE/plugins/com.st.stm32cube.ide.mcu.externaltools.gnu-tools-for-stm32.13.3.rel1.win32_1.0.0.202411081344/tools/bin/../lib/gcc/arm-none-eabi/13.3.1/../../../../arm-none-eabi/lib/thumb/v7e-m/nofp\libm.a
END GROUP
START GROUP
LOAD D:/STM32/STM32CubeIDE_1.18.1/STM32CubeIDE/plugins/com.st.stm32cube.ide.mcu.externaltools.gnu-tools-for-stm32.13.3.rel1.win32_1.0.0.202411081344/tools/bin/../lib/gcc/arm-none-eabi/13.3.1/thumb/v7e-m/nofp\libgcc.a
LOAD D:/STM32/STM32CubeIDE_1.18.1/STM32CubeIDE/plugins/com.st.stm32cube.ide.mcu.externaltools.gnu-tools-for-stm32.13.3.rel1.win32_1.0.0.202411081344/tools/bin/../lib/gcc/arm-none-eabi/13.3.1/../../../../arm-none-eabi/lib/thumb/v7e-m/nofp\libc_nano.a
END GROUP
START GROUP
LOAD D:/STM32/STM32CubeIDE_1.18.1/STM32CubeIDE/plugins/com.st.stm32cube.ide.mcu.externaltools.gnu-tools-for-stm32.13.3.rel1.win32_1.0.0.202411081344/tools/bin/../lib/gcc/arm-none-eabi/13.3.1/thumb/v7e-m/nofp\libgcc.a
LOAD D:/STM32/STM32CubeIDE_1.18.1/STM32CubeIDE/plugins/com.st.stm32cube.ide.mcu.externaltools.gnu-tools-for-stm32.13.3.rel1.win32_1.0.0.202411081344/tools/bin/../lib/gcc/arm-none-eabi/13.3.1/../../../../arm-none-eabi/lib/thumb/v7e-m/nofp\libc_nano.a
LOAD D:/STM32/STM32CubeIDE_1.18.1/STM32CubeIDE/plugins/com.st.stm32cube.ide.mcu.externaltools.gnu-tools-for-stm32.13.3.rel1.win32_1.0.0.202411081344/tools/bin/../lib/gcc/arm-none-eabi/13.3.1/../../../../arm-none-eabi/lib/thumb/v7e-m/nofp\libnosys.a
END GROUP
START GROUP
LOAD D:/STM32/STM32CubeIDE_1.18.1/STM32CubeIDE/plugins/com.st.stm32cube.ide.mcu.externaltools.gnu-tools-for-stm32.13.3.rel1.win32_1.0.0.202411081344/tools/bin/../lib/gcc/arm-none-eabi/13.3.1/thumb/v7e-m/nofp\libgcc.a
LOAD D:/STM32/STM32CubeIDE_1.18.1/STM32CubeIDE/plugins/com.st.stm32cube.ide.mcu.externaltools.gnu-tools-for-stm32.13.3.rel1.win32_1.0.0.202411081344/tools/bin/../lib/gcc/arm-none-eabi/13.3.1/../../../../arm-none-eabi/lib/thumb/v7e-m/nofp\libc_nano.a
LOAD D:/STM32/STM32CubeIDE_1.18.1/STM32CubeIDE/plugins/com.st.stm32cube.ide.mcu.externaltools.gnu-tools-for-stm32.13.3.rel1.win32_1.0.0.202411081344/tools/bin/../lib/gcc/arm-none-eabi/13.3.1/../../../../arm-none-eabi/lib/thumb/v7e-m/nofp\libnosys.a
END GROUP
LOAD D:/STM32/STM32CubeIDE_1.18.1/STM32CubeIDE/plugins/com.st.stm32cube.ide.mcu.externaltools.gnu-tools-for-stm32.13.3.rel1.win32_1.0.0.202411081344/tools/bin/../lib/gcc/arm-none-eabi/13.3.1/thumb/v7e-m/nofp/crtend.o
LOAD D:/STM32/STM32CubeIDE_1.18.1/STM32CubeIDE/plugins/com.st.stm32cube.ide.mcu.externaltools.gnu-tools-for-stm32.13.3.rel1.win32_1.0.0.202411081344/tools/bin/../lib/gcc/arm-none-eabi/13.3.1/thumb/v7e-m/nofp/crtn.o
                0x2000a000                        _estack = (ORIGIN (RAM) + LENGTH (RAM))
                0x00000200                        _Min_Heap_Size = 0x200
                0x00000400                        _Min_Stack_Size = 0x400

.isr_vector     0x08000000      0x194
                0x08000000                        . = ALIGN (0x4)
 *(.isr_vector)
 .isr_vector    0x08000000      0x194 ./Startup/startup_stm32f303vctx.o
                0x08000000                g_pfnVectors
                0x08000194                        . = ALIGN (0x4)

.text           0x08000194      0xa08
                0x08000194                        . = ALIGN (0x4)
 *(.text)
 .text          0x08000194       0x40 D:/STM32/STM32CubeIDE_1.18.1/STM32CubeIDE/plugins/com.st.stm32cube.ide.mcu.externaltools.gnu-tools-for-stm32.13.3.rel1.win32_1.0.0.202411081344/tools/bin/../lib/gcc/arm-none-eabi/13.3.1/thumb/v7e-m/nofp/crtbegin.o
 .text          0x080001d4       0x10 D:/STM32/STM32CubeIDE_1.18.1/STM32CubeIDE/plugins/com.st.stm32cube.ide.mcu.externaltools.gnu-tools-for-stm32.13.3.rel1.win32_1.0.0.202411081344/tools/bin/../lib/gcc/arm-none-eabi/13.3.1/../../../../arm-none-eabi/lib/thumb/v7e-m/nofp\libc_nano.a(libc_a-strlen.o)
                0x080001d4                strlen
 *(.text*)
 .text.SPI_GPIOIints
                0x080001e4       0x50 ./Src/spi_tx_testing.o
                0x080001e4                SPI_GPIOIints
 .text.SPI2_Inits
                0x08000234       0x3c ./Src/spi_tx_testing.o
                0x08000234                SPI2_Inits
 .text.GPIO_ButtonInit
                0x08000270       0x2c ./Src/spi_tx_testing.o
                0x08000270                GPIO_ButtonInit
 .text.delay    0x0800029c       0x2c ./Src/spi_tx_testing.o
                0x0800029c                delay
 .text.main     0x080002c8       0x90 ./Src/spi_tx_testing.o
                0x080002c8                main
 .text.Reset_Handler
                0x08000358       0x50 ./Startup/startup_stm32f303vctx.o
                0x08000358                Reset_Handler
 .text.Default_Handler
                0x080003a8        0x2 ./Startup/startup_stm32f303vctx.o
                0x080003a8                TIM8_TRG_COM_IRQHandler
                0x080003a8                TIM8_CC_IRQHandler
                0x080003a8                DebugMon_Handler
                0x080003a8                DMA1_CH4_IRQHandler
                0x080003a8                SPI4_IRQHandler
                0x080003a8                TIM1_CC_IRQHandler
                0x080003a8                HardFault_Handler
                0x080003a8                USB_HP_IRQHandler
                0x080003a8                I2C2_EV_EXTI24_IRQHandler
                0x080003a8                SysTick_Handler
                0x080003a8                USB_WKUP_EXTI_IRQHandler
                0x080003a8                PVD_IRQHandler
                0x080003a8                UART4_EXTI34_IRQHandler
                0x080003a8                TAMP_STAMP_IRQHandler
                0x080003a8                PendSV_Handler
                0x080003a8                NMI_Handler
                0x080003a8                EXTI3_IRQHandler
                0x080003a8                I2C3_ER_IRQHandler
                0x080003a8                TIM6_DACUNDER_IRQHandler
                0x080003a8                USB_HP_CAN_TX_IRQHandler
                0x080003a8                EXTI0_IRQHandler
                0x080003a8                DMA2_CH1_IRQHandler
                0x080003a8                TIM1_UP_TIM16_IRQHandler
                0x080003a8                UsageFault_Handler
                0x080003a8                ADC1_2_IRQHandler
                0x080003a8                SPI1_IRQHandler
                0x080003a8                CAN_SCE_IRQHandler
                0x080003a8                DMA1_CH7_IRQHandler
                0x080003a8                TIM8_UP_IRQHandler
                0x080003a8                COMP456_IRQHandler
                0x080003a8                DMA1_CH6_IRQHandler
                0x080003a8                TIM20_TRG_COM_IRQHandler
                0x080003a8                ADC3_IRQHandler
                0x080003a8                TIM4_IRQHandler
                0x080003a8                CAN_RX1_IRQHandler
                0x080003a8                USART1_EXTI25_IRQHandler
                0x080003a8                DMA2_CH5_IRQHandler
                0x080003a8                I2C1_EV_EXTI23_IRQHandler
                0x080003a8                DMA1_CH3_IRQHandler
                0x080003a8                TIM3_IRQHandler
                0x080003a8                RCC_IRQHandler
                0x080003a8                TIM20_UP_IRQHandler
                0x080003a8                Default_Handler
                0x080003a8                EXTI15_10_IRQHandler
                0x080003a8                USART2_EXTI26_IRQHandler
                0x080003a8                USART3_EXTI28_IRQHandler
                0x080003a8                TIM7_IRQHandler
                0x080003a8                I2C3_EV_IRQHandler
                0x080003a8                EXTI9_5_IRQHandler
                0x080003a8                DMA1_CH2_IRQHandler
                0x080003a8                RTC_WKUP_IRQHandler
                0x080003a8                SPI2_IRQHandler
                0x080003a8                DMA1_CH1_IRQHandler
                0x080003a8                USB_LP_CAN_RX0_IRQHandler
                0x080003a8                MemManage_Handler
                0x080003a8                COMP123_IRQHandler
                0x080003a8                SVC_Handler
                0x080003a8                USB_LP_IRQHandler
                0x080003a8                EXTI4_IRQHandler
                0x080003a8                TIM1_TRG_COM_TIM17_IRQHandler
                0x080003a8                ADC4_IRQHandler
                0x080003a8                WWDG_IRQHandler
                0x080003a8                TIM2_IRQHandler
                0x080003a8                COMP7_IRQHandler
                0x080003a8                EXTI1_IRQHandler
                0x080003a8                RTCAlarm_IRQHandler
                0x080003a8                UART5_EXTI35_IRQHandler
                0x080003a8                TIM20_BRK_IRQHandler
                0x080003a8                I2C2_ER_IRQHandler
                0x080003a8                TIM8_BRK_IRQHandler
                0x080003a8                FLASH_IRQHandler
                0x080003a8                TIM20_CC_IRQHandler
                0x080003a8                BusFault_Handler
                0x080003a8                SPI3_IRQHandler
                0x080003a8                DMA2_CH3_IRQHandler
                0x080003a8                DMA2_CH2_IRQHandler
                0x080003a8                I2C1_ER_IRQHandler
                0x080003a8                FMC_IRQHandler
                0x080003a8                DMA1_CH5_IRQHandler
                0x080003a8                DMA2_CH4_IRQHandler
                0x080003a8                USB_WKUP_IRQHandler
                0x080003a8                EXTI2_TSC_IRQHandler
                0x080003a8                TIM1_BRK_TIM15_IRQHandler
 *fill*         0x080003aa        0x2 
 .text.GPIO_PeriClockControl
                0x080003ac      0x13c ./drivers/Src/stm32f3xx_gpio_driver.o
                0x080003ac                GPIO_PeriClockControl
 .text.GPIO_Init
                0x080004e8      0x3dc ./drivers/Src/stm32f3xx_gpio_driver.o
                0x080004e8                GPIO_Init
 .text.GPIO_ReadFromInputPin
                0x080008c4       0x28 ./drivers/Src/stm32f3xx_gpio_driver.o
                0x080008c4                GPIO_ReadFromInputPin
 .text.SPI_PeriClockControl
                0x080008ec       0xb0 ./drivers/Src/stm32f3xx_spi_driver.o
                0x080008ec                SPI_PeriClockControl
 .text.SPI_Init
                0x0800099c       0xa0 ./drivers/Src/stm32f3xx_spi_driver.o
                0x0800099c                SPI_Init
 .text.SPI_GetFlagStatus
                0x08000a3c       0x26 ./drivers/Src/stm32f3xx_spi_driver.o
                0x08000a3c                SPI_GetFlagStatus
 .text.SPI_SendData
                0x08000a62       0x6e ./drivers/Src/stm32f3xx_spi_driver.o
                0x08000a62                SPI_SendData
 .text.SPI_PeripheralControl
                0x08000ad0       0x36 ./drivers/Src/stm32f3xx_spi_driver.o
                0x08000ad0                SPI_PeripheralControl
 .text.SPI_SSOEConfig
                0x08000b06       0x36 ./drivers/Src/stm32f3xx_spi_driver.o
                0x08000b06                SPI_SSOEConfig
 .text.__libc_init_array
                0x08000b3c       0x48 D:/STM32/STM32CubeIDE_1.18.1/STM32CubeIDE/plugins/com.st.stm32cube.ide.mcu.externaltools.gnu-tools-for-stm32.13.3.rel1.win32_1.0.0.202411081344/tools/bin/../lib/gcc/arm-none-eabi/13.3.1/../../../../arm-none-eabi/lib/thumb/v7e-m/nofp\libc_nano.a(libc_a-init.o)
                0x08000b3c                __libc_init_array
 *(.glue_7)
 .glue_7        0x08000b84        0x0 linker stubs
 *(.glue_7t)
 .glue_7t       0x08000b84        0x0 linker stubs
 *(.eh_frame)
 .eh_frame      0x08000b84        0x0 D:/STM32/STM32CubeIDE_1.18.1/STM32CubeIDE/plugins/com.st.stm32cube.ide.mcu.externaltools.gnu-tools-for-stm32.13.3.rel1.win32_1.0.0.202411081344/tools/bin/../lib/gcc/arm-none-eabi/13.3.1/thumb/v7e-m/nofp/crtbegin.o
 *(.init)
 .init          0x08000b84        0x4 D:/STM32/STM32CubeIDE_1.18.1/STM32CubeIDE/plugins/com.st.stm32cube.ide.mcu.externaltools.gnu-tools-for-stm32.13.3.rel1.win32_1.0.0.202411081344/tools/bin/../lib/gcc/arm-none-eabi/13.3.1/thumb/v7e-m/nofp/crti.o
                0x08000b84                _init
 .init          0x08000b88        0x8 D:/STM32/STM32CubeIDE_1.18.1/STM32CubeIDE/plugins/com.st.stm32cube.ide.mcu.externaltools.gnu-tools-for-stm32.13.3.rel1.win32_1.0.0.202411081344/tools/bin/../lib/gcc/arm-none-eabi/13.3.1/thumb/v7e-m/nofp/crtn.o
 *(.fini)
 .fini          0x08000b90        0x4 D:/STM32/STM32CubeIDE_1.18.1/STM32CubeIDE/plugins/com.st.stm32cube.ide.mcu.externaltools.gnu-tools-for-stm32.13.3.rel1.win32_1.0.0.202411081344/tools/bin/../lib/gcc/arm-none-eabi/13.3.1/thumb/v7e-m/nofp/crti.o
                0x08000b90                _fini
 .fini          0x08000b94        0x8 D:/STM32/STM32CubeIDE_1.18.1/STM32CubeIDE/plugins/com.st.stm32cube.ide.mcu.externaltools.gnu-tools-for-stm32.13.3.rel1.win32_1.0.0.202411081344/tools/bin/../lib/gcc/arm-none-eabi/13.3.1/thumb/v7e-m/nofp/crtn.o
                0x08000b9c                        . = ALIGN (0x4)
                0x08000b9c                        _etext = .

.vfp11_veneer   0x08000b9c        0x0
 .vfp11_veneer  0x08000b9c        0x0 linker stubs

.v4_bx          0x08000b9c        0x0
 .v4_bx         0x08000b9c        0x0 linker stubs

.iplt           0x08000b9c        0x0
 .iplt          0x08000b9c        0x0 D:/STM32/STM32CubeIDE_1.18.1/STM32CubeIDE/plugins/com.st.stm32cube.ide.mcu.externaltools.gnu-tools-for-stm32.13.3.rel1.win32_1.0.0.202411081344/tools/bin/../lib/gcc/arm-none-eabi/13.3.1/thumb/v7e-m/nofp/crtbegin.o

.rodata         0x08000b9c        0xc
                0x08000b9c                        . = ALIGN (0x4)
 *(.rodata)
 .rodata        0x08000b9c        0xc ./Src/spi_tx_testing.o
 *(.rodata*)
                0x08000ba8                        . = ALIGN (0x4)

.ARM.extab      0x08000ba8        0x0
                0x08000ba8                        . = ALIGN (0x4)
 *(.ARM.extab* .gnu.linkonce.armextab.*)
                0x08000ba8                        . = ALIGN (0x4)

.ARM            0x08000ba8        0x8
                0x08000ba8                        . = ALIGN (0x4)
                0x08000ba8                        __exidx_start = .
 *(.ARM.exidx*)
 .ARM.exidx     0x08000ba8        0x8 D:/STM32/STM32CubeIDE_1.18.1/STM32CubeIDE/plugins/com.st.stm32cube.ide.mcu.externaltools.gnu-tools-for-stm32.13.3.rel1.win32_1.0.0.202411081344/tools/bin/../lib/gcc/arm-none-eabi/13.3.1/../../../../arm-none-eabi/lib/thumb/v7e-m/nofp\libc_nano.a(libc_a-strlen.o)
                0x08000bb0                        __exidx_end = .
                0x08000bb0                        . = ALIGN (0x4)

.preinit_array  0x08000bb0        0x0
                0x08000bb0                        . = ALIGN (0x4)
                0x08000bb0                        PROVIDE (__preinit_array_start = .)
 *(.preinit_array*)
                0x08000bb0                        PROVIDE (__preinit_array_end = .)
                0x08000bb0                        . = ALIGN (0x4)

.init_array     0x08000bb0        0x4
                0x08000bb0                        . = ALIGN (0x4)
                0x08000bb0                        PROVIDE (__init_array_start = .)
 *(SORT_BY_NAME(.init_array.*))
 *(.init_array*)
 .init_array    0x08000bb0        0x4 D:/STM32/STM32CubeIDE_1.18.1/STM32CubeIDE/plugins/com.st.stm32cube.ide.mcu.externaltools.gnu-tools-for-stm32.13.3.rel1.win32_1.0.0.202411081344/tools/bin/../lib/gcc/arm-none-eabi/13.3.1/thumb/v7e-m/nofp/crtbegin.o
                0x08000bb4                        PROVIDE (__init_array_end = .)
                0x08000bb4                        . = ALIGN (0x4)

.fini_array     0x08000bb4        0x4
                0x08000bb4                        . = ALIGN (0x4)
                [!provide]                        PROVIDE (__fini_array_start = .)
 *(SORT_BY_NAME(.fini_array.*))
 *(.fini_array*)
 .fini_array    0x08000bb4        0x4 D:/STM32/STM32CubeIDE_1.18.1/STM32CubeIDE/plugins/com.st.stm32cube.ide.mcu.externaltools.gnu-tools-for-stm32.13.3.rel1.win32_1.0.0.202411081344/tools/bin/../lib/gcc/arm-none-eabi/13.3.1/thumb/v7e-m/nofp/crtbegin.o
                [!provide]                        PROVIDE (__fini_array_end = .)
                0x08000bb8                        . = ALIGN (0x4)
                0x08000bb8                        _sidata = LOADADDR (.data)

.rel.dyn        0x08000bb8        0x0
 .rel.iplt      0x08000bb8        0x0 D:/STM32/STM32CubeIDE_1.18.1/STM32CubeIDE/plugins/com.st.stm32cube.ide.mcu.externaltools.gnu-tools-for-stm32.13.3.rel1.win32_1.0.0.202411081344/tools/bin/../lib/gcc/arm-none-eabi/13.3.1/thumb/v7e-m/nofp/crtbegin.o

.data           0x20000000        0x0 load address 0x08000bb8
                0x20000000                        . = ALIGN (0x4)
                0x20000000                        _sdata = .
 *(.data)
 *(.data*)
 *(.RamFunc)
 *(.RamFunc*)
                0x20000000                        . = ALIGN (0x4)
                0x20000000                        _edata = .
                0x08000bb8                        _siccmram = LOADADDR (.ccmram)

.igot.plt       0x20000000        0x0 load address 0x08000bb8
 .igot.plt      0x20000000        0x0 D:/STM32/STM32CubeIDE_1.18.1/STM32CubeIDE/plugins/com.st.stm32cube.ide.mcu.externaltools.gnu-tools-for-stm32.13.3.rel1.win32_1.0.0.202411081344/tools/bin/../lib/gcc/arm-none-eabi/13.3.1/thumb/v7e-m/nofp/crtbegin.o

.ccmram         0x10000000        0x0 load address 0x08000bb8
                0x10000000                        . = ALIGN (0x4)
                0x10000000                        _sccmram = .
 *(.ccmram)
 *(.ccmram*)
                0x10000000                        . = ALIGN (0x4)
                0x10000000                        _eccmram = .
                0x10000000                        . = ALIGN (0x4)

.bss            0x20000000       0x1c
                0x20000000                        _sbss = .
                0x20000000                        __bss_start__ = _sbss
 *(.bss)
 .bss           0x20000000       0x1c D:/STM32/STM32CubeIDE_1.18.1/STM32CubeIDE/plugins/com.st.stm32cube.ide.mcu.externaltools.gnu-tools-for-stm32.13.3.rel1.win32_1.0.0.202411081344/tools/bin/../lib/gcc/arm-none-eabi/13.3.1/thumb/v7e-m/nofp/crtbegin.o
 *(.bss*)
 *(COMMON)
                0x2000001c                        . = ALIGN (0x4)
                0x2000001c                        _ebss = .
                0x2000001c                        __bss_end__ = _ebss

._user_heap_stack
                0x2000001c      0x604
                0x20000020                        . = ALIGN (0x8)
 *fill*         0x2000001c        0x4 
                [!provide]                        PROVIDE (end = .)
                0x20000020                        PROVIDE (_end = .)
                0x20000220                        . = (. + _Min_Heap_Size)
 *fill*         0x20000020      0x200 
                0x20000620                        . = (. + _Min_Stack_Size)
 *fill*         0x20000220      0x400 
                0x20000620                        . = ALIGN (0x8)

/DISCARD/
 libc.a(*)
 libm.a(*)
 libgcc.a(*)

.ARM.attributes
                0x00000000       0x2a
 *(.ARM.attributes)
 .ARM.attributes
                0x00000000       0x1e D:/STM32/STM32CubeIDE_1.18.1/STM32CubeIDE/plugins/com.st.stm32cube.ide.mcu.externaltools.gnu-tools-for-stm32.13.3.rel1.win32_1.0.0.202411081344/tools/bin/../lib/gcc/arm-none-eabi/13.3.1/thumb/v7e-m/nofp/crti.o
 .ARM.attributes
                0x0000001e       0x2e D:/STM32/STM32CubeIDE_1.18.1/STM32CubeIDE/plugins/com.st.stm32cube.ide.mcu.externaltools.gnu-tools-for-stm32.13.3.rel1.win32_1.0.0.202411081344/tools/bin/../lib/gcc/arm-none-eabi/13.3.1/thumb/v7e-m/nofp/crtbegin.o
 .ARM.attributes
                0x0000004c       0x2e ./Src/spi_tx_testing.o
 .ARM.attributes
                0x0000007a       0x21 ./Startup/startup_stm32f303vctx.o
 .ARM.attributes
                0x0000009b       0x2e ./drivers/Src/stm32f3xx_gpio_driver.o
 .ARM.attributes
                0x000000c9       0x2e ./drivers/Src/stm32f3xx_spi_driver.o
 .ARM.attributes
                0x000000f7       0x2e D:/STM32/STM32CubeIDE_1.18.1/STM32CubeIDE/plugins/com.st.stm32cube.ide.mcu.externaltools.gnu-tools-for-stm32.13.3.rel1.win32_1.0.0.202411081344/tools/bin/../lib/gcc/arm-none-eabi/13.3.1/../../../../arm-none-eabi/lib/thumb/v7e-m/nofp\libc_nano.a(libc_a-init.o)
 .ARM.attributes
                0x00000125       0x17 D:/STM32/STM32CubeIDE_1.18.1/STM32CubeIDE/plugins/com.st.stm32cube.ide.mcu.externaltools.gnu-tools-for-stm32.13.3.rel1.win32_1.0.0.202411081344/tools/bin/../lib/gcc/arm-none-eabi/13.3.1/../../../../arm-none-eabi/lib/thumb/v7e-m/nofp\libc_nano.a(libc_a-strlen.o)
 .ARM.attributes
                0x0000013c       0x1e D:/STM32/STM32CubeIDE_1.18.1/STM32CubeIDE/plugins/com.st.stm32cube.ide.mcu.externaltools.gnu-tools-for-stm32.13.3.rel1.win32_1.0.0.202411081344/tools/bin/../lib/gcc/arm-none-eabi/13.3.1/thumb/v7e-m/nofp/crtn.o
OUTPUT(stm32f3xx_drivers.elf elf32-littlearm)
LOAD linker stubs
LOAD D:/STM32/STM32CubeIDE_1.18.1/STM32CubeIDE/plugins/com.st.stm32cube.ide.mcu.externaltools.gnu-tools-for-stm32.13.3.rel1.win32_1.0.0.202411081344/tools/bin/../lib/gcc/arm-none-eabi/13.3.1/../../../../arm-none-eabi/lib/thumb/v7e-m/nofp\libc.a
LOAD D:/STM32/STM32CubeIDE_1.18.1/STM32CubeIDE/plugins/com.st.stm32cube.ide.mcu.externaltools.gnu-tools-for-stm32.13.3.rel1.win32_1.0.0.202411081344/tools/bin/../lib/gcc/arm-none-eabi/13.3.1/../../../../arm-none-eabi/lib/thumb/v7e-m/nofp\libm.a
LOAD D:/STM32/STM32CubeIDE_1.18.1/STM32CubeIDE/plugins/com.st.stm32cube.ide.mcu.externaltools.gnu-tools-for-stm32.13.3.rel1.win32_1.0.0.202411081344/tools/bin/../lib/gcc/arm-none-eabi/13.3.1/thumb/v7e-m/nofp\libgcc.a

.debug_info     0x00000000     0x1321
 .debug_info    0x00000000      0x50b ./Src/spi_tx_testing.o
 .debug_info    0x0000050b       0x30 ./Startup/startup_stm32f303vctx.o
 .debug_info    0x0000053b      0x675 ./drivers/Src/stm32f3xx_gpio_driver.o
 .debug_info    0x00000bb0      0x771 ./drivers/Src/stm32f3xx_spi_driver.o

.debug_abbrev   0x00000000      0x45d
 .debug_abbrev  0x00000000      0x163 ./Src/spi_tx_testing.o
 .debug_abbrev  0x00000163       0x24 ./Startup/startup_stm32f303vctx.o
 .debug_abbrev  0x00000187      0x139 ./drivers/Src/stm32f3xx_gpio_driver.o
 .debug_abbrev  0x000002c0      0x19d ./drivers/Src/stm32f3xx_spi_driver.o

.debug_aranges  0x00000000      0x198
 .debug_aranges
                0x00000000       0x40 ./Src/spi_tx_testing.o
 .debug_aranges
                0x00000040       0x28 ./Startup/startup_stm32f303vctx.o
 .debug_aranges
                0x00000068       0x70 ./drivers/Src/stm32f3xx_gpio_driver.o
 .debug_aranges
                0x000000d8       0xc0 ./drivers/Src/stm32f3xx_spi_driver.o

.debug_rnglists
                0x00000000      0x12a
 .debug_rnglists
                0x00000000       0x2c ./Src/spi_tx_testing.o
 .debug_rnglists
                0x0000002c       0x19 ./Startup/startup_stm32f303vctx.o
 .debug_rnglists
                0x00000045       0x53 ./drivers/Src/stm32f3xx_gpio_driver.o
 .debug_rnglists
                0x00000098       0x92 ./drivers/Src/stm32f3xx_spi_driver.o

.debug_macro    0x00000000     0x22a0
 .debug_macro   0x00000000      0x161 ./Src/spi_tx_testing.o
 .debug_macro   0x00000161      0xad8 ./Src/spi_tx_testing.o
 .debug_macro   0x00000c39       0x22 ./Src/spi_tx_testing.o
 .debug_macro   0x00000c5b       0x8e ./Src/spi_tx_testing.o
 .debug_macro   0x00000ce9       0x51 ./Src/spi_tx_testing.o
 .debug_macro   0x00000d3a      0x103 ./Src/spi_tx_testing.o
 .debug_macro   0x00000e3d       0x6a ./Src/spi_tx_testing.o
 .debug_macro   0x00000ea7      0x1df ./Src/spi_tx_testing.o
 .debug_macro   0x00001086      0x190 ./Src/spi_tx_testing.o
 .debug_macro   0x00001216      0x4dd ./Src/spi_tx_testing.o
 .debug_macro   0x000016f3       0xe8 ./Src/spi_tx_testing.o
 .debug_macro   0x000017db       0xca ./Src/spi_tx_testing.o
 .debug_macro   0x000018a5       0x61 ./Src/spi_tx_testing.o
 .debug_macro   0x00001906       0x24 ./Src/spi_tx_testing.o
 .debug_macro   0x0000192a       0x43 ./Src/spi_tx_testing.o
 .debug_macro   0x0000196d       0x34 ./Src/spi_tx_testing.o
 .debug_macro   0x000019a1      0x370 ./Src/spi_tx_testing.o
 .debug_macro   0x00001d11       0x16 ./Src/spi_tx_testing.o
 .debug_macro   0x00001d27       0x4a ./Src/spi_tx_testing.o
 .debug_macro   0x00001d71       0x34 ./Src/spi_tx_testing.o
 .debug_macro   0x00001da5       0x10 ./Src/spi_tx_testing.o
 .debug_macro   0x00001db5       0x58 ./Src/spi_tx_testing.o
 .debug_macro   0x00001e0d       0x8e ./Src/spi_tx_testing.o
 .debug_macro   0x00001e9b       0x1c ./Src/spi_tx_testing.o
 .debug_macro   0x00001eb7      0x185 ./Src/spi_tx_testing.o
 .debug_macro   0x0000203c       0x10 ./Src/spi_tx_testing.o
 .debug_macro   0x0000204c       0x3c ./Src/spi_tx_testing.o
 .debug_macro   0x00002088       0x20 ./Src/spi_tx_testing.o
 .debug_macro   0x000020a8       0x9d ./drivers/Src/stm32f3xx_gpio_driver.o
 .debug_macro   0x00002145       0xc4 ./drivers/Src/stm32f3xx_gpio_driver.o
 .debug_macro   0x00002209       0x97 ./drivers/Src/stm32f3xx_spi_driver.o

.debug_line     0x00000000     0x1b6e
 .debug_line    0x00000000      0x702 ./Src/spi_tx_testing.o
 .debug_line    0x00000702       0x7b ./Startup/startup_stm32f303vctx.o
 .debug_line    0x0000077d      0x9f5 ./drivers/Src/stm32f3xx_gpio_driver.o
 .debug_line    0x00001172      0x9fc ./drivers/Src/stm32f3xx_spi_driver.o

.debug_str      0x00000000     0x94ac
 .debug_str     0x00000000     0x94ac ./Src/spi_tx_testing.o
                               0x9293 (size before relaxing)
 .debug_str     0x000094ac       0x6f ./Startup/startup_stm32f303vctx.o
 .debug_str     0x000094ac     0x612e ./drivers/Src/stm32f3xx_gpio_driver.o
 .debug_str     0x000094ac     0x6179 ./drivers/Src/stm32f3xx_spi_driver.o

.comment        0x00000000       0x43
 .comment       0x00000000       0x43 ./Src/spi_tx_testing.o
                                 0x44 (size before relaxing)
 .comment       0x00000043       0x44 ./drivers/Src/stm32f3xx_gpio_driver.o
 .comment       0x00000043       0x44 ./drivers/Src/stm32f3xx_spi_driver.o

.debug_frame    0x00000000      0x5f4
 .debug_frame   0x00000000       0xc4 ./Src/spi_tx_testing.o
 .debug_frame   0x000000c4      0x1c8 ./drivers/Src/stm32f3xx_gpio_driver.o
 .debug_frame   0x0000028c      0x33c ./drivers/Src/stm32f3xx_spi_driver.o
 .debug_frame   0x000005c8       0x2c D:/STM32/STM32CubeIDE_1.18.1/STM32CubeIDE/plugins/com.st.stm32cube.ide.mcu.externaltools.gnu-tools-for-stm32.13.3.rel1.win32_1.0.0.202411081344/tools/bin/../lib/gcc/arm-none-eabi/13.3.1/../../../../arm-none-eabi/lib/thumb/v7e-m/nofp\libc_nano.a(libc_a-init.o)

.debug_line_str
                0x00000000       0x53
 .debug_line_str
                0x00000000       0x53 ./Startup/startup_stm32f303vctx.o
